// Jest Snapshot v1, https://goo.gl/fbAQLP

exports[`QuotePage renders correctly 1`] = `
<main
  style="height: 80vh; width: 80vw; display: flex; align-items: center; justify-content: center; margin: auto;"
>
  <h2
    style="font-size: 25px; font-weight: 700;"
  >
    Mathematics is not about calculation, equations, computations, or algorithms, It is about understanding --- Willian Paul Thurston
  </h2>
</main>
`;
